[lana.ws/ar/index.html]
[lana.ws/ar/wp-content/themes/lana2018/images/icons/icon57.png]
[lana.ws/ar/wp-content/themes/lana2018/images/icons/icon72.png]
[lana.ws/ar/wp-content/themes/lana2018/images/icons/icon76.png]
[lana.ws/ar/wp-content/themes/lana2018/images/icons/icon114.png]
[lana.ws/ar/wp-content/themes/lana2018/images/icons/icon120.png]
[lana.ws/ar/wp-content/themes/lana2018/images/icons/icon144.png]
[lana.ws/ar/wp-content/themes/lana2018/images/icons/icon152.png]
[lana.ws/ar/wp-content/themes/lana2018/images/icons/favicon.png]
[lana.ws/ar/wp-content/themes/lana2018/images/icons/favicon-144.png]
[lana.ws/ar/wp-content/themes/lana2018/images/mapmarker.png]
[backblue.gif]
[fade.gif]
[index.html]
[lana.ws/ar/wp-includes/css/dist/block-library/style-rtl.min6619.css]
[lana.ws/ar/wp-content/plugins/contact-form-7/includes/css/stylesbdeb.css]
[lana.ws/ar/feed/index.html]
[lana.ws/ar/wp-content/themes/lana2018/css/jquery.fullpage.min6619.css]
[lana.ws/ar/comments/feed/index.html]
[lana.ws/ar/wp-content/themes/lana2018/css/bootstrap.rtl.min6619.css]
[lana.ws/ar/wp-content/themes/lana2018/css/font-awesome.min6619.css]
[lana.ws/ar/wp-content/themes/lana2018/css/animate.min6619.css]
[lana.ws/ar/wp-content/themes/lana2018/css/owl.carousel6619.css]
[lana.ws/ar/wp-content/themes/lana2018/css/jssocials6619.css]
[lana.ws/ar/wp-content/themes/lana2018/css/jssocials-theme-plain6619.css]
[lana.ws/ar/wp-content/themes/lana2018/style6619.css]
[lana.ws/ar/wp-content/themes/lana2018/lana6619.css]
[lana.ws/ar/wp-content/themes/lana2018/responsive6619.css]
[lana.ws/ar/wp-includes/js/jquery/jquery4a5f.js]
[lana.ws/ar/wp-includes/js/jquery/jquery-migrate.min330a.js]
[lana.ws/ar/xmlrpc0db0.php]
[lana.ws/ar/wp-json/index.html]
[lana.ws/ar/wp-includes/wlwmanifest.xml]
[lana.ws/ar/wp-content/themes/lana2018/rtl.css]
[lana.ws/ar/wp-content/themes/lana2018/images/slides/slide01rtl.png]
[lana.ws/ar/wp-content/themes/lana2018/images/slides/slide02rtl.png]
[lana.ws/ar/wp-content/themes/lana2018/images/slides/slide03rtl.png]
[lana.ws/ar/wp-content/uploads/sites/2/2019/03/lux.png]
[lana.ws/ar/wp-content/uploads/sites/2/2018/05/client1.png]
[lana.ws/ar/wp-content/uploads/sites/2/2018/05/client2.png]
[lana.ws/ar/wp-content/uploads/sites/2/2018/05/client3.png]
[lana.ws/ar/wp-content/uploads/sites/2/2018/05/client4.png]
[lana.ws/ar/wp-content/uploads/sites/2/2018/05/client5.png]
[lana.ws/ar/wp-content/uploads/sites/2/2018/05/client6.png]
[lana.ws/ar/wp-content/uploads/sites/2/2018/05/client7.png]
[lana.ws/ar/wp-content/uploads/sites/2/2018/05/client8.png]
[lana.ws/ar/wp-content/uploads/sites/2/2018/05/client9.png]
[lana.ws/ar/wp-content/uploads/sites/2/2018/05/client10.png]
[lana.ws/ar/wp-content/uploads/sites/2/2018/05/client11.png]
[lana.ws/ar/wp-content/uploads/sites/2/2018/05/client12.png]
[lana.ws/ar/wp-content/uploads/sites/2/2018/05/client13.png]
[lana.ws/ar/wp-content/uploads/sites/2/2018/05/client14.png]
[lana.ws/ar/wp-content/uploads/sites/2/2018/05/client15.png]
[lana.ws/ar/wp-content/uploads/sites/2/2018/05/client16.png]
[lana.ws/ar/wp-content/uploads/sites/2/2018/05/client17.png]
[lana.ws/ar/wp-content/uploads/sites/2/2018/05/client18.png]
[lana.ws/ar/wp-content/uploads/sites/2/2018/05/client19.png]
[lana.ws/ar/wp-content/uploads/sites/2/2018/05/client20.png]
[lana.ws/ar/work/riviera-chalet-identity-building-our-brand/index.html]
[lana.ws/ar/wp-content/uploads/sites/2/2019/03/2.png]
[lana.ws/ar/wp-content/uploads/sites/2/2019/03/01-1-e1553204137711-800x600.jpg]
[lana.ws/ar/work/awazel-identity-logo-our-brand/index.html]
[lana.ws/ar/work/rafco-identity-building-our-brand/index.html]
[lana.ws/ar/wp-content/uploads/sites/2/2019/08/06-1-e1566949427995-800x600.jpg]
[lana.ws/ar/wp-content/uploads/sites/2/2019/08/05-e1566948709854-800x600.jpg]
[lana.ws/ar/work/third-wave-identity-building-our-brand/index.html]
[lana.ws/ar/wp-content/uploads/sites/2/2018/05/maxresdefault-51-450x560.jpg]
[lana.ws/ar/work/index.html]
[lana.ws/ar/wp-content/uploads/sites/2/2018/05/BrandConsistency-02-450x560.png]
[lana.ws/ar/2018/05/06/the-basics-of-branding/index.html]
[lana.ws/ar/wp-content/uploads/sites/2/2018/05/Impreza-Slide-Branding-450x560.jpg]
[lana.ws/ar/2018/05/06/building-optimal-brand-identity-architectures/index.html]
[lana.ws/ar/wp-content/uploads/sites/2/2018/05/dreamstime_m_68318790-e1488302220954-450x560.jpg]
[lana.ws/ar/2018/05/06/brand-identification-be-smart-be-simple/index.html]
[lana.ws/ar/wp-content/themes/lana2018/js/map.js]
[lana.ws/ar/2018/05/06/3-factors-that-separate-good-branding-from-great-branding/index.html]
[lana.ws/ar/wp-content/plugins/contact-form-7/includes/js/scriptsbdeb.js]
[www.google.com/recaptcha/api61a0.js]
[lana.ws/ar/wp-content/themes/lana2018/js/sPreloader6619.js]
[lana.ws/ar/wp-content/themes/lana2018/js/bootstrap.min6619.js]
[lana.ws/ar/wp-content/themes/lana2018/js/owl.carousel6619.js]
[lana.ws/ar/wp-content/themes/lana2018/js/jquery.easing.1.36619.js]
[lana.ws/ar/wp-content/themes/lana2018/js/jquery.fullpage.extensions.min6619.js]
[lana.ws/ar/wp-content/themes/lana2018/js/scrolloverflow.min6619.js]
[lana.ws/ar/wp-content/themes/lana2018/js/jquery.fullpage.min6619.js]
[lana.ws/ar/wp-content/themes/lana2018/js/tilt.jquery.min6619.js]
[lana.ws/ar/wp-content/themes/lana2018/js/jquery.nicescroll.min6619.js]
[lana.ws/ar/wp-content/themes/lana2018/js/jquery.mixitup.min6619.js]
[lana.ws/ar/wp-content/themes/lana2018/js/jssocials.min6619.js]
[lana.ws/ar/wp-content/themes/lana2018/js/lana6619.js]
[lana.ws/ar/wp-content/themes/lana2018/js/lana-home6619.js]
[lana.ws/ar/index.html]
[lana.ws/ar/wp-includes/css/dist/block-library/style-rtl.min6619.css]
[lana.ws/ar/wp-includes/js/wp-embed.min6619.js]
[lana.ws/ar/wp-content/plugins/contact-form-7/images/ajax-loader.gif]
[lana.ws/ar/wp-content/plugins/contact-form-7/includes/css/stylesbdeb.css]
[lana.ws/ar/wp-content/plugins/contact-form-7/includes/css/styles-rtlbdeb.css]
[lana.ws/ar/wp-content/themes/lana2018/css/jquery.fullpage.min6619.css]
[lana.ws/ar/wp-content/themes/lana2018/fonts/glyphicons-halflings-regular.eot]
[lana.ws/ar/wp-content/themes/lana2018/fonts/glyphicons-halflings-regulard41d.eot]
[lana.ws/ar/wp-content/themes/lana2018/fonts/glyphicons-halflings-regular.woff2]
[lana.ws/ar/wp-content/themes/lana2018/fonts/glyphicons-halflings-regular.woff]
[lana.ws/ar/wp-content/themes/lana2018/fonts/glyphicons-halflings-regular.ttf]
[lana.ws/ar/wp-content/themes/lana2018/css/bootstrap.rtl.min6619.css]
[lana.ws/ar/wp-content/themes/lana2018/fonts/glyphicons-halflings-regular.svg]
[lana.ws/ar/wp-content/themes/lana2018/fonts/fontawesome-webfont3e6e.eot]
[lana.ws/ar/wp-content/themes/lana2018/fonts/fontawesome-webfont3e6e.woff2]
[lana.ws/ar/wp-content/themes/lana2018/fonts/fontawesome-webfont3e6e.woff]
[lana.ws/ar/wp-content/themes/lana2018/fonts/fontawesome-webfont3e6e.ttf]
[lana.ws/ar/wp-content/themes/lana2018/css/font-awesome.min6619.css]
[lana.ws/ar/wp-content/themes/lana2018/css/animate.min6619.css]
[lana.ws/ar/wp-content/themes/lana2018/fonts/fontawesome-webfontd41d.eot]
[lana.ws/ar/wp-content/themes/lana2018/css/owl.video.play.png]
[lana.ws/ar/wp-content/themes/lana2018/css/owl.carousel6619.css]
[lana.ws/ar/wp-content/themes/lana2018/css/jssocials6619.css]
[lana.ws/ar/wp-content/themes/lana2018/css/jssocials-theme-plain6619.css]
[lana.ws/ar/wp-content/themes/lana2018/style6619.css]
[lana.ws/ar/wp-content/themes/lana2018/fonts/fontawesome-webfont3e6e.svg]
[lana.ws/ar/wp-content/themes/lana2018/fonts/JannaLT-Regulard41d.eot]
[lana.ws/ar/wp-content/themes/lana2018/fonts/JannaLT-Regular.woff2]
[lana.ws/ar/wp-content/themes/lana2018/fonts/JannaLT-Regular.eot]
[lana.ws/ar/wp-content/themes/lana2018/fonts/JannaLT-Regular.woff]
[lana.ws/ar/wp-content/themes/lana2018/fonts/JannaLT-Regular.ttf]
[lana.ws/ar/wp-content/themes/lana2018/fonts/JannaLT-Boldd41d.eot]
[lana.ws/ar/wp-content/themes/lana2018/fonts/JannaLT-Bold.woff2]
[lana.ws/ar/wp-content/themes/lana2018/fonts/JannaLT-Bold.eot]
[lana.ws/ar/wp-content/themes/lana2018/fonts/JannaLT-Bold.woff]
[lana.ws/ar/wp-content/themes/lana2018/fonts/JannaLT-Bold.ttf]
[lana.ws/ar/wp-content/themes/lana2018/images/load-bg.png]
[lana.ws/ar/wp-content/themes/lana2018/images/load-bg-f.png]
[lana.ws/ar/wp-content/themes/lana2018/images/cbg.png]
[lana.ws/ar/wp-content/themes/lana2018/images/icons/icon1.svg]
[lana.ws/ar/wp-content/themes/lana2018/images/icons/icon2.svg]
[lana.ws/ar/wp-content/themes/lana2018/images/icons/icon3.svg]
[lana.ws/ar/wp-content/themes/lana2018/lana6619.css]
[lana.ws/ar/wp-content/themes/lana2018/responsive6619.css]
[lana.ws/ar/xmlrpc0db0.html]
[lana.ws/ar/wp-content/themes/lana2018/rtl.css]
[lana.ws/ar/wp-content/themes/lana2018/images/box-bg.svg]
[lana.ws/ar/wp-content/themes/lana2018/images/boxs/b1.svg]
[lana.ws/ar/wp-content/themes/lana2018/images/boxs/b2.svg]
[lana.ws/ar/wp-content/themes/lana2018/images/boxs/b3.svg]
[lana.ws/ar/wp-content/themes/lana2018/images/boxs/b4.svg]
[lana.ws/ar/wp-content/themes/lana2018/images/icons/icon4.svg]
[lana.ws/ar/wp-json/oembed/1.0/embed761b.json]
[lana.ws/ar/work/riviera-chalet-identity-building-our-brand/feed/index.html]
[lana.ws/ar/wp-json/oembed/1.0/embed4623]
[lana.ws/ar/wp-content/themes/lana2018/images/logo-icon.png]
[lana.ws/ar/wp-content/uploads/sites/2/2019/03/a5bc0770244707.5b9d083caa655.jpg]
[lana.ws/ar/wp-content/uploads/sites/2/2019/03/01-2.jpg]
[lana.ws/ar/wp-content/uploads/sites/2/2019/03/02-2.jpg]
[lana.ws/ar/wp-content/uploads/sites/2/2019/03/03-2.jpg]
[lana.ws/ar/wp-content/uploads/sites/2/2019/03/04-3.jpg]
[lana.ws/ar/wp-content/uploads/sites/2/2019/03/05-2.jpg]
[lana.ws/ar/wp-content/uploads/sites/2/2019/03/06-1.jpg]
[lana.ws/ar/wp-content/uploads/sites/2/2019/03/07.jpg]
[lana.ws/ar/wp-content/uploads/sites/2/2019/03/08.jpg]
[lana.ws/ar/wp-content/uploads/sites/2/2019/03/09.jpg]
[lana.ws/ar/work/riviera-chalet-identity-building-our-brand/index.html]
[lana.ws/ar/wp-includes/js/comment-reply.min6619.js]
[lana.ws/ar/work/awazel-identity-logo-our-brand/feed/index.html]
[lana.ws/ar/wp-json/oembed/1.0/embedfefd.json]
[lana.ws/ar/wp-json/oembed/1.0/embed1401]
[lana.ws/ar/wp-content/uploads/sites/2/2019/03/01-1.jpg]
[lana.ws/ar/wp-content/uploads/sites/2/2019/03/02-1.jpg]
[lana.ws/ar/wp-content/uploads/sites/2/2019/03/03-1.jpg]
[lana.ws/ar/wp-content/uploads/sites/2/2019/03/04.jpg]
[lana.ws/ar/work/awazel-identity-logo-our-brand/index.html]
[lana.ws/ar/wp-json/oembed/1.0/embedb71b.json]
[lana.ws/ar/work/rafco-identity-building-our-brand/feed/index.html]
[lana.ws/ar/wp-json/oembed/1.0/embeda772]
[lana.ws/ar/wp-content/uploads/sites/2/2019/08/01-1.jpg]
[lana.ws/ar/wp-content/uploads/sites/2/2019/08/02-1.jpg]
[lana.ws/ar/wp-content/uploads/sites/2/2019/08/03-3.jpg]
[lana.ws/ar/wp-content/uploads/sites/2/2019/08/04-4.jpg]
[lana.ws/ar/wp-content/uploads/sites/2/2019/08/06-1.jpg]
[lana.ws/ar/wp-content/uploads/sites/2/2019/08/07-2.jpg]
[lana.ws/ar/wp-content/uploads/sites/2/2019/08/08-2.jpg]
[lana.ws/ar/wp-content/uploads/sites/2/2019/08/09-1.jpg]
[lana.ws/ar/wp-content/uploads/sites/2/2019/08/10.jpg]
[lana.ws/ar/work/rafco-identity-building-our-brand/index.html]
[lana.ws/ar/wp-json/oembed/1.0/embedcd77.json]
[lana.ws/ar/work/third-wave-identity-building-our-brand/feed/index.html]
[lana.ws/ar/wp-json/oembed/1.0/embed7ec4]
[lana.ws/ar/wp-content/uploads/sites/2/2019/08/01.jpg]
[lana.ws/ar/wp-content/uploads/sites/2/2019/08/02.jpg]
[lana.ws/ar/wp-content/uploads/sites/2/2019/08/03.jpg]
[lana.ws/ar/wp-content/uploads/sites/2/2019/08/04.jpg]
[lana.ws/ar/wp-content/uploads/sites/2/2019/08/05.jpg]
[lana.ws/ar/wp-content/uploads/sites/2/2019/08/06.jpg]
[lana.ws/ar/wp-content/uploads/sites/2/2019/08/07.jpg]
[lana.ws/ar/wp-content/uploads/sites/2/2019/08/08.jpg]
[lana.ws/ar/wp-content/uploads/sites/2/2019/08/09.jpg]
[lana.ws/ar/work/third-wave-identity-building-our-brand/index.html]
[lana.ws/ar/wp-content/uploads/sites/2/2019/09/07-e1568988403247-800x600.jpg]
[lana.ws/ar/work/feed/index.html]
[lana.ws/ar/work/codait-identity-building-our-brand/index.html]
[lana.ws/ar/work/تطبيق-واصل/index.html]
[lana.ws/ar/wp-content/uploads/sites/2/2019/07/05-e1563404651820-800x600.jpg]
[lana.ws/ar/wp-content/uploads/sites/2/2019/05/86827d80098829.5cd85ee20ade6-e1558675000697-800x600.jpg]
[lana.ws/ar/wp-content/uploads/sites/2/2019/05/a9966580126245.5cd887468c730-e1558674266404-800x600.jpg]
[lana.ws/ar/work/thunayyan-khalid-web-design/index.html]
[lana.ws/ar/wp-content/uploads/sites/2/2019/05/42d0cc80098807.5cd87c718cf9b-1-e1558674033673-800x600.jpg]
[lana.ws/ar/work/audio-visual-production-web-design/index.html]
[lana.ws/ar/wp-content/uploads/sites/2/2019/03/128-e1566950029240-800x600.jpg]
[lana.ws/ar/work/dcg/index.html]
[lana.ws/ar/wp-content/uploads/sites/2/2019/03/01-7-e1553477856471-800x600.jpg]
[lana.ws/ar/work/taafee-guidelines-identity-building-our-brand/index.html]
[lana.ws/ar/work/dcg-guidelines-identity-building-our-brand/index.html]
[lana.ws/ar/wp-content/uploads/sites/2/2019/03/01-6-e1553207826275-800x600.jpg]
[lana.ws/ar/work/ثنيان-خالد-thunayyan-khalid-identity-building-our-brand/index.html]
[lana.ws/ar/wp-content/uploads/sites/2/2019/03/04-2-e1553204383961-800x600.jpg]
[lana.ws/ar/work/swadness-guidelines-identity-building-our-brand/index.html]
[lana.ws/ar/work/rassd-guidelines-identity-building-our-brand/index.html]
[lana.ws/ar/wp-content/uploads/sites/2/2019/03/05-1-e1553204256921-800x600.jpg]
[lana.ws/ar/wp-content/uploads/sites/2/2019/03/4.png]
[lana.ws/ar/wp-content/uploads/sites/2/2019/03/1-e1553206126345-800x600.jpg]
[lana.ws/ar/work/lana-services-guidelines-identity-building-our-brand/index.html]
[lana.ws/ar/wp-content/uploads/sites/2/2019/03/Untitled-e1553203846878-800x600.jpg]
[lana.ws/ar/work/index.html]
[lana.ws/ar/work/forum-of-student-clubs-identity-logo-our-brand/index.html]
[lana.ws/ar/work/abwab-guidelines-identity-building-our-brand/index.html]
[lana.ws/ar/2018/05/06/the-basics-of-branding/feed/index.html]
[lana.ws/ar/wp-json/oembed/1.0/embeda19a.json]
[lana.ws/ar/wp-json/oembed/1.0/embed4e6e]
[lana.ws/ar/xmlrpc.php]
[lana.ws/ar/wp-content/uploads/sites/2/2018/05/maxresdefault-51-1024x576.jpg]
[lana.ws/ar/2018/05/06/the-basics-of-branding/index.html]
[lana.ws/ar/wp-json/oembed/1.0/embedb50c.json]
[lana.ws/ar/2018/05/06/building-optimal-brand-identity-architectures/feed/index.html]
[lana.ws/ar/wp-json/oembed/1.0/embedf95d]
[lana.ws/ar/wp-content/uploads/sites/2/2018/05/BrandConsistency-02.png]
[lana.ws/ar/2018/05/06/building-optimal-brand-identity-architectures/index.html]
[lana.ws/ar/wp-json/oembed/1.0/embeded54.json]
[lana.ws/ar/2018/05/06/brand-identification-be-smart-be-simple/feed/index.html]
[lana.ws/ar/wp-json/oembed/1.0/embedb8c8]
[lana.ws/ar/wp-content/uploads/sites/2/2018/05/Impreza-Slide-Branding-1024x622.jpg]
[lana.ws/ar/2018/05/06/brand-identification-be-smart-be-simple/index.html]
[lana.ws/ar/wp-json/oembed/1.0/embedd3ba.json]
[lana.ws/ar/2018/05/06/3-factors-that-separate-good-branding-from-great-branding/feed/index.html]
[lana.ws/ar/wp-json/oembed/1.0/embedc6a9]
[lana.ws/ar/wp-content/uploads/sites/2/2018/05/dreamstime_m_68318790-e1488302220954-1024x576.jpg]
[lana.ws/ar/2018/05/06/3-factors-that-separate-good-branding-from-great-branding/index.html]
[lana.ws/ar/wp-content/themes/lana2018/fonts/glyphicons-halflings-regular.svg]
[lana.ws/ar/wp-content/themes/lana2018/fonts/fontawesome-webfont3e6e.svg]
[lana.ws/ar/wp-content/themes/lana2018/css/owl.video.play.html]
[lana.ws/ar/wp-content/themes/lana2018/images/icons/icon1.svg]
[lana.ws/ar/wp-content/themes/lana2018/images/icons/icon2.svg]
[lana.ws/ar/wp-content/themes/lana2018/images/icons/icon3.svg]
[lana.ws/ar/wp-content/themes/lana2018/images/icons/icon4.svg]
[lana.ws/ar/index7c2c.html]
[lana.ws/ar/indexdc22.html]
[lana.ws/ar/index8c55.html]
[lana.ws/ar/indexa853.html]
[lana.ws/ar/wp-json/oembed/1.0/embed976f.json]
[lana.ws/ar/work/codait-identity-building-our-brand/feed/index.html]
[lana.ws/ar/wp-json/oembed/1.0/embed78e9]
[lana.ws/ar/wp-content/uploads/sites/2/2019/09/01.jpg]
[lana.ws/ar/wp-content/uploads/sites/2/2019/09/02.jpg]
[lana.ws/ar/wp-content/uploads/sites/2/2019/09/03.jpg]
[lana.ws/ar/wp-content/uploads/sites/2/2019/09/04.jpg]
[lana.ws/ar/wp-content/uploads/sites/2/2019/09/05.jpg]
[lana.ws/ar/wp-content/uploads/sites/2/2019/09/06.jpg]
[lana.ws/ar/wp-content/uploads/sites/2/2019/09/07.jpg]
[lana.ws/ar/wp-content/uploads/sites/2/2019/09/08.jpg]
[lana.ws/ar/work/codait-identity-building-our-brand/index.html]
[lana.ws/ar/work/تطبيق-واصل/index.html]
[lana.ws/ar/wp-json/oembed/1.0/embed4537.json]
[lana.ws/ar/work/thunayyan-khalid-web-design/feed/index.html]
[lana.ws/ar/wp-json/oembed/1.0/embed7c3a]
[lana.ws/ar/wp-content/uploads/sites/2/2019/05/ddea1080098829.5cd85ee20b1d9.jpg]
[lana.ws/ar/wp-content/uploads/sites/2/2019/05/86827d80098829.5cd85ee20ade6.jpg]
[lana.ws/ar/work/thunayyan-khalid-web-design/index.html]
[lana.ws/ar/wp-json/oembed/1.0/embed80c4.json]
[lana.ws/ar/work/audio-visual-production-web-design/feed/index.html]
[lana.ws/ar/wp-json/oembed/1.0/embed8ec6]
[lana.ws/ar/wp-content/uploads/sites/2/2019/05/c60c2980126245.5cd887468c330.jpg]
[lana.ws/ar/wp-content/uploads/sites/2/2019/05/a9966580126245.5cd887468c730.jpg]
[lana.ws/ar/work/audio-visual-production-web-design/index.html]
[lana.ws/ar/wp-json/oembed/1.0/embed2e94.json]
[lana.ws/ar/work/dcg/feed/index.html]
[lana.ws/ar/wp-json/oembed/1.0/embed855f]
[lana.ws/ar/wp-content/uploads/sites/2/2019/05/42d0cc80098807.5cd87c718cf9b-1.jpg]
[lana.ws/ar/wp-content/uploads/sites/2/2019/05/3b3a4180098807.5cd87c718cd7a.jpg]
[lana.ws/ar/work/dcg/index.html]
[lana.ws/ar/wp-json/oembed/1.0/embed72ba.json]
[lana.ws/ar/work/taafee-guidelines-identity-building-our-brand/feed/index.html]
[lana.ws/ar/wp-json/oembed/1.0/embed83d8]
[lana.ws/ar/wp-content/uploads/sites/2/2019/03/01-9.jpg]
[lana.ws/ar/wp-content/uploads/sites/2/2019/03/02-1-3.jpg]
[lana.ws/ar/wp-content/uploads/sites/2/2019/03/03-1-3.jpg]
[lana.ws/ar/wp-content/uploads/sites/2/2019/03/04-2-3.jpg]
[lana.ws/ar/wp-content/uploads/sites/2/2019/03/05-1-3.jpg]
[lana.ws/ar/wp-content/uploads/sites/2/2019/03/06-3.jpg]
[lana.ws/ar/wp-content/uploads/sites/2/2019/03/07-1-2.jpg]
[lana.ws/ar/wp-content/uploads/sites/2/2019/03/08-1-2.jpg]
[lana.ws/ar/wp-content/uploads/sites/2/2019/03/09-3.jpg]
[lana.ws/ar/work/taafee-guidelines-identity-building-our-brand/index.html]
[lana.ws/ar/wp-json/oembed/1.0/embedccb6.json]
[lana.ws/ar/work/dcg-guidelines-identity-building-our-brand/feed/index.html]
[lana.ws/ar/wp-json/oembed/1.0/embeda2a4]
[lana.ws/ar/wp-content/uploads/sites/2/2019/03/01-7.jpg]
[lana.ws/ar/wp-content/uploads/sites/2/2019/03/02-4.jpg]
[lana.ws/ar/wp-content/uploads/sites/2/2019/03/03-4.jpg]
[lana.ws/ar/wp-content/uploads/sites/2/2019/03/04-5.jpg]
[lana.ws/ar/work/dcg-guidelines-identity-building-our-brand/index.html]
[lana.ws/ar/work/ثنيان-خالد-thunayyan-khalid-identity-building-our-brand/index.html]
[lana.ws/ar/wp-json/oembed/1.0/embede09a.json]
[lana.ws/ar/work/swadness-guidelines-identity-building-our-brand/feed/index.html]
[lana.ws/ar/wp-json/oembed/1.0/embed1b65]
[lana.ws/wp-content/uploads/2019/03/01-4.jpg]
[lana.ws/wp-content/uploads/2019/03/02-4.jpg]
[lana.ws/wp-content/uploads/2019/03/03-4.jpg]
[lana.ws/wp-content/uploads/2019/03/04-4.jpg]
[lana.ws/wp-content/uploads/2019/03/05-3.jpg]
[lana.ws/wp-content/uploads/2019/03/06-3.jpg]
[lana.ws/wp-content/uploads/2019/03/07-3.jpg]
[lana.ws/wp-content/uploads/2019/03/08-2.jpg]
[lana.ws/wp-content/uploads/2019/03/09-2.jpg]
[lana.ws/ar/work/swadness-guidelines-identity-building-our-brand/index.html]
[lana.ws/ar/wp-json/oembed/1.0/embedc95c.json]
[lana.ws/ar/wp-json/oembed/1.0/embed8803]
[lana.ws/ar/work/rassd-guidelines-identity-building-our-brand/feed/index.html]
[lana.ws/wp-content/uploads/2019/03/01-2.jpg]
[lana.ws/wp-content/uploads/2019/03/02-2.jpg]
[lana.ws/wp-content/uploads/2019/03/03-2.jpg]
[lana.ws/wp-content/uploads/2019/03/04-2.jpg]
[lana.ws/wp-content/uploads/2019/03/05-1.jpg]
[lana.ws/wp-content/uploads/2019/03/06-1.jpg]
[lana.ws/wp-content/uploads/2019/03/07-1.jpg]
[lana.ws/wp-content/uploads/2019/03/09-1.jpg]
[lana.ws/ar/work/rassd-guidelines-identity-building-our-brand/index.html]
[lana.ws/ar/wp-json/oembed/1.0/embed5fcf.json]
[lana.ws/ar/work/lana-services-guidelines-identity-building-our-brand/feed/index.html]
[lana.ws/ar/wp-json/oembed/1.0/embedb5c7]
[lana.ws/wp-content/uploads/2019/03/01-1.jpg]
[lana.ws/wp-content/uploads/2019/03/02-1.jpg]
[lana.ws/wp-content/uploads/2019/03/03-1.jpg]
[lana.ws/wp-content/uploads/2019/03/04-1.jpg]
[lana.ws/wp-content/uploads/2019/03/05.jpg]
[lana.ws/wp-content/uploads/2019/03/06.jpg]
[lana.ws/wp-content/uploads/2019/03/07.jpg]
[lana.ws/wp-content/uploads/2019/03/08.jpg]
[lana.ws/wp-content/uploads/2019/03/09.jpg]
[lana.ws/wp-content/uploads/2019/03/10.jpg]
[lana.ws/wp-content/uploads/2019/03/11.jpg]
[lana.ws/ar/work/lana-services-guidelines-identity-building-our-brand/index.html]
[lana.ws/ar/wp-json/oembed/1.0/embed6d1c.json]
[lana.ws/ar/work/forum-of-student-clubs-identity-logo-our-brand/feed/index.html]
[lana.ws/ar/wp-json/oembed/1.0/embedb823]
[lana.ws/wp-content/uploads/2019/03/1.jpg]
[lana.ws/wp-content/uploads/2019/03/2.jpg]
[lana.ws/wp-content/uploads/2019/03/3.jpg]
[lana.ws/wp-content/uploads/2019/03/4.jpg]
[lana.ws/wp-content/uploads/2019/03/5.jpg]
[lana.ws/ar/work/forum-of-student-clubs-identity-logo-our-brand/index.html]
[lana.ws/ar/wp-json/oembed/1.0/embedd4b4.json]
[lana.ws/ar/work/abwab-guidelines-identity-building-our-brand/feed/index.html]
[lana.ws/ar/wp-json/oembed/1.0/embed533f]
[lana.ws/ar/wp-content/uploads/sites/2/2019/03/01.jpg]
[lana.ws/ar/wp-content/uploads/sites/2/2019/03/02.jpg]
[lana.ws/ar/wp-content/uploads/sites/2/2019/03/03.jpg]
[lana.ws/ar/wp-content/uploads/sites/2/2019/03/04-1.jpg]
[lana.ws/ar/wp-content/uploads/sites/2/2019/03/05.jpg]
[lana.ws/ar/wp-content/uploads/sites/2/2019/03/06.jpg]
[lana.ws/ar/work/abwab-guidelines-identity-building-our-brand/index.html]
[lana.ws/ar/index153d.html]
[lana.ws/ar/xmlrpc.html]
[lana.ws/ar/author/admin/index.html]
[lana.ws/ar/indexe6f0.html]
[lana.ws/ar/index3f5a.html]
[lana.ws/ar/index65d2.html]
[lana.ws/ar/index50ca.html]
[lana.ws/ar/index2af5.html]
[lana.ws/ar/index5c97.html]
[lana.ws/ar/index30e3.html]
[lana.ws/ar/index5ed0.html]
[lana.ws/ar/indexcf9a.html]
[lana.ws/ar/indexbbbf.html]
[lana.ws/ar/index5e74.html]
[lana.ws/ar/indexd1a7.html]
[lana.ws/ar/index8bc8.html]
[lana.ws/ar/index47f2.html]
